ESP8266Client.c:109:13:ESP82_timeoutBegin	8	static
ESP8266Client.c:119:13:ESP82_timeoutIsExpired	24	static
ESP8266Client.c:130:13:ESP82_sendCmd	16	static
ESP8266Client.c:151:15:ESP82_readLine	24	static
ESP8266Client.c:184:23:ESP82_checkResponse	32	static
ESP8266Client.c:312:23:ESP82_sendData	24	static
ESP8266Client.c:347:23:ESP82_execute	32	static
ESP8266Client.c:371:16:ESP82_Delay	16	static
ESP8266Client.c:388:6:ESP82_Init	24	static
ESP8266Client.c:405:16:ESP82_CheckPresence	8	static
ESP8266Client.c:416:16:ESP82_ConnectWifi	48	static
ESP8266Client.c:494:16:ESP82_IsConnectedWifi	16	static
ESP8266Client.c:506:16:ESP82_StartTCP	48	static
ESP8266Client.c:550:16:ESP82_CloseTCP	16	static
ESP8266Client.c:560:16:ESP82_Send	16	static
ESP8266Client.c:581:16:ESP82_Receive	24	static
