bme280.c:309:8:bme280_init	40	static
bme280.c:349:8:bme280_get_regs	48	static
bme280.c:374:8:bme280_set_regs	72	static
bme280.c:424:8:bme280_set_sensor_settings	40	static
bme280.c:455:8:bme280_get_sensor_settings	40	static
bme280.c:475:8:bme280_set_sensor_mode	40	static
bme280.c:500:8:bme280_get_sensor_mode	32	static
bme280.c:520:8:bme280_soft_reset	40	static
bme280.c:545:8:bme280_get_sensor_data	64	static
bme280.c:578:6:bme280_parse_sensor_data	32	static
bme280.c:609:8:bme280_compensate_data	32	static
bme280.c:643:15:set_osr_settings	40	static
bme280.c:659:15:set_osr_humidity_settings	40	static
bme280.c:685:15:set_osr_press_temp_settings	48	static
bme280.c:710:15:set_filter_standby_settings	48	static
bme280.c:735:13:fill_filter_settings	16	static
bme280.c:744:13:fill_standby_settings	16	static
bme280.c:753:13:fill_osr_press_settings	16	static
bme280.c:762:13:fill_osr_temp_settings	16	static
bme280.c:772:13:parse_device_settings	16	static
bme280.c:783:15:write_power_mode	40	static
bme280.c:805:15:put_device_to_sleep	48	static
bme280.c:826:15:reload_device_settings	32	static
bme280.c:945:16:compensate_temperature	40	static
bme280.c:974:17:compensate_pressure	272	static
bme280.c:1066:17:compensate_humidity	48	static
bme280.c:1104:15:get_calib_data	64	static
bme280.c:1136:13:interleave_reg_addr	32	static
bme280.c:1150:13:parse_temp_press_calib_data	24	static
bme280.c:1174:13:parse_humidity_calib_data	40	static
bme280.c:1199:16:are_settings_changed	24	static
bme280.c:1218:15:null_ptr_check	24	static
