main.c:107:6:debugPrint	16	static
main.c:110:6:debugPrintln	24	static
main.c:128:6:SystemClock_Config	96	static
main.c:174:13:MX_I2C1_Init	8	static
main.c:220:13:MX_I2C2_Init	8	static
main.c:266:13:MX_RTC_Init	72	static
main.c:352:13:MX_USART1_UART_Init	8	static
main.c:387:13:MX_USART2_UART_Init	8	static
main.c:422:13:MX_WWDG_Init	8	static
main.c:452:13:MX_GPIO_Init	24	static
main.c:474:6:sendDataESP	336	static
main.c:583:8:user_i2c_read	32	static
main.c:591:6:user_delay_ms	16	static
main.c:596:8:user_i2c_write	40	static
main.c:610:6:leesData	24	static
main.c:690:6:Error_Handler	8	static,ignoring_inline_asm
