newlib_lock_glue.c:45:13:Error_Handler	8	static
stm32_lock.h:280:20:stm32_lock_init	24	static,ignoring_inline_asm
stm32_lock.h:294:20:stm32_lock_acquire	24	static,ignoring_inline_asm
stm32_lock.h:305:20:stm32_lock_release	16	static,ignoring_inline_asm
lock.h:41:13:__retarget_lock_init	16	static
lock.h:43:13:__retarget_lock_init_recursive	16	static,ignoring_inline_asm
lock.h:45:13:__retarget_lock_close	16	static
lock.h:47:13:__retarget_lock_close_recursive	16	static
lock.h:49:13:__retarget_lock_acquire	16	static,ignoring_inline_asm
lock.h:51:13:__retarget_lock_acquire_recursive	16	static,ignoring_inline_asm
lock.h:53:12:__retarget_lock_try_acquire	16	static
lock.h:55:12:__retarget_lock_try_acquire_recursive	16	static
lock.h:58:13:__retarget_lock_release	16	static,ignoring_inline_asm
lock.h:60:13:__retarget_lock_release_recursive	16	static,ignoring_inline_asm
newlib_lock_glue.c:352:5:__cxa_guard_acquire	32	static,ignoring_inline_asm
newlib_lock_glue.c:388:6:__cxa_guard_abort	16	static,ignoring_inline_asm
newlib_lock_glue.c:409:6:__cxa_guard_release	24	static,ignoring_inline_asm
