main.c:105:6:debugPrint	16	static
main.c:108:6:debugPrintln	24	static
main.c:126:6:SystemClock_Config	96	static
main.c:172:13:MX_I2C1_Init	8	static
main.c:218:13:MX_I2C2_Init	8	static
main.c:264:13:MX_RTC_Init	72	static
main.c:350:13:MX_USART1_UART_Init	8	static
main.c:385:13:MX_USART2_UART_Init	8	static
main.c:420:13:MX_WWDG_Init	8	static
main.c:450:13:MX_GPIO_Init	24	static
main.c:472:6:StartDefaultTask	16	static
main.c:490:6:senDataESP	328	static
main.c:573:6:leesData	16	static
main.c:592:6:HAL_TIM_PeriodElapsedCallback	16	static
main.c:609:6:Error_Handler	8	static,ignoring_inline_asm
