main.c:99:5:main	8	static
main.c:194:6:SystemClock_Config	96	static
main.c:240:13:MX_I2C1_Init	8	static
main.c:286:13:MX_I2C2_Init	8	static
main.c:332:13:MX_USART1_UART_Init	8	static
main.c:367:13:MX_USART2_UART_Init	8	static
main.c:402:13:MX_GPIO_Init	56	static
main.c:431:6:debugPrint	16	static
main.c:435:6:debugPrintln	24	static
main.c:449:6:sendESP	344	static
main.c:530:6:readData	16	static
main.c:549:6:HAL_TIM_PeriodElapsedCallback	16	static
main.c:566:6:Error_Handler	8	static,ignoring_inline_asm
