main.c:109:5:main	8	static
main.c:207:6:SystemClock_Config	96	static
main.c:253:13:MX_I2C1_Init	8	static
main.c:299:13:MX_I2C2_Init	8	static
main.c:345:13:MX_USART1_UART_Init	8	static
main.c:380:13:MX_USART2_UART_Init	8	static
main.c:415:13:MX_GPIO_Init	56	static
main.c:444:6:debugPrint	16	static
main.c:448:6:debugPrintln	24	static
main.c:454:7:sendToESP	88	static
main.c:481:6:sendESP	256	static
main.c:540:8:user_i2c_read	32	static
main.c:548:6:user_delay_ms	16	static
main.c:553:8:user_i2c_write	40	static
main.c:567:6:readData	24	static
main.c:610:6:getESPtime	128	static
main.c:659:6:HAL_TIM_PeriodElapsedCallback	16	static
main.c:676:6:Error_Handler	8	static,ignoring_inline_asm
